Traceback (most recent call last):
  File "/Users/alariceverett/.openclaw/workspace/scripts/autopull_runner.py", line 336, in <module>
    raise SystemExit(main())
  File "/Users/alariceverett/.openclaw/workspace/scripts/autopull_runner.py", line 327, in main
    outcome = run_once(cfg)
  File "/Users/alariceverett/.openclaw/workspace/scripts/autopull_runner.py", line 218, in run_once
    active = active_subagents(int(cfg["active_window_minutes"]))
  File "/Users/alariceverett/.openclaw/workspace/scripts/autopull_runner.py", line 161, in active_subagents
    code, out, _err = sh(["openclaw", "sessions", "--active", str(active_minutes), "--json"], timeout=20)
  File "/Users/alariceverett/.openclaw/workspace/scripts/autopull_runner.py", line 50, in sh
    p = subprocess.run(cmd, capture_output=True, text=True, timeout=timeout)
  File "/Library/Developer/CommandLineTools/Library/Frameworks/Python3.framework/Versions/3.9/lib/python3.9/subprocess.py", line 505, in run
    with Popen(*popenargs, **kwargs) as process:
  File "/Library/Developer/CommandLineTools/Library/Frameworks/Python3.framework/Versions/3.9/lib/python3.9/subprocess.py", line 951, in __init__
    self._execute_child(args, executable, preexec_fn, close_fds,
  File "/Library/Developer/CommandLineTools/Library/Frameworks/Python3.framework/Versions/3.9/lib/python3.9/subprocess.py", line 1821, in _execute_child
    raise child_exception_type(errno_num, err_msg, err_filename)
FileNotFoundError: [Errno 2] No such file or directory: 'openclaw'
Traceback (most recent call last):
  File "/Users/alariceverett/.openclaw/workspace/scripts/autopull_runner.py", line 336, in <module>
    raise SystemExit(main())
  File "/Users/alariceverett/.openclaw/workspace/scripts/autopull_runner.py", line 327, in main
    outcome = run_once(cfg)
  File "/Users/alariceverett/.openclaw/workspace/scripts/autopull_runner.py", line 218, in run_once
    active = active_subagents(int(cfg["active_window_minutes"]))
  File "/Users/alariceverett/.openclaw/workspace/scripts/autopull_runner.py", line 161, in active_subagents
    code, out, _err = sh(["openclaw", "sessions", "--active", str(active_minutes), "--json"], timeout=20)
  File "/Users/alariceverett/.openclaw/workspace/scripts/autopull_runner.py", line 50, in sh
    p = subprocess.run(cmd, capture_output=True, text=True, timeout=timeout)
  File "/Library/Developer/CommandLineTools/Library/Frameworks/Python3.framework/Versions/3.9/lib/python3.9/subprocess.py", line 505, in run
    with Popen(*popenargs, **kwargs) as process:
  File "/Library/Developer/CommandLineTools/Library/Frameworks/Python3.framework/Versions/3.9/lib/python3.9/subprocess.py", line 951, in __init__
    self._execute_child(args, executable, preexec_fn, close_fds,
  File "/Library/Developer/CommandLineTools/Library/Frameworks/Python3.framework/Versions/3.9/lib/python3.9/subprocess.py", line 1821, in _execute_child
    raise child_exception_type(errno_num, err_msg, err_filename)
FileNotFoundError: [Errno 2] No such file or directory: 'openclaw'
Traceback (most recent call last):
  File "/Users/alariceverett/.openclaw/workspace/scripts/autopull_runner.py", line 336, in <module>
    raise SystemExit(main())
  File "/Users/alariceverett/.openclaw/workspace/scripts/autopull_runner.py", line 327, in main
    outcome = run_once(cfg)
  File "/Users/alariceverett/.openclaw/workspace/scripts/autopull_runner.py", line 218, in run_once
    active = active_subagents(int(cfg["active_window_minutes"]))
  File "/Users/alariceverett/.openclaw/workspace/scripts/autopull_runner.py", line 161, in active_subagents
    code, out, _err = sh(["openclaw", "sessions", "--active", str(active_minutes), "--json"], timeout=20)
  File "/Users/alariceverett/.openclaw/workspace/scripts/autopull_runner.py", line 50, in sh
    p = subprocess.run(cmd, capture_output=True, text=True, timeout=timeout)
  File "/Library/Developer/CommandLineTools/Library/Frameworks/Python3.framework/Versions/3.9/lib/python3.9/subprocess.py", line 505, in run
    with Popen(*popenargs, **kwargs) as process:
  File "/Library/Developer/CommandLineTools/Library/Frameworks/Python3.framework/Versions/3.9/lib/python3.9/subprocess.py", line 951, in __init__
    self._execute_child(args, executable, preexec_fn, close_fds,
  File "/Library/Developer/CommandLineTools/Library/Frameworks/Python3.framework/Versions/3.9/lib/python3.9/subprocess.py", line 1821, in _execute_child
    raise child_exception_type(errno_num, err_msg, err_filename)
FileNotFoundError: [Errno 2] No such file or directory: 'openclaw'
autopull_runner: another instance is active
